[www.atypicalthemes.com/portfolio/strider_demo/pages/StriderDark/Particles/index.html]
[backblue.gif]
[fade.gif]
[index.html]
[www.atypicalthemes.com/portfolio/strider_demo/pages/StriderDark/Particles/images/favicon/apple-icon-57x57.png]
[www.atypicalthemes.com/portfolio/strider_demo/pages/StriderDark/Particles/images/favicon/apple-icon-60x60.png]
[www.atypicalthemes.com/portfolio/strider_demo/pages/StriderDark/Particles/images/favicon/apple-icon-72x72.png]
[www.atypicalthemes.com/portfolio/strider_demo/pages/StriderDark/Particles/images/favicon/apple-icon-76x76.png]
[www.atypicalthemes.com/portfolio/strider_demo/pages/StriderDark/Particles/images/favicon/apple-icon-114x114.png]
[www.atypicalthemes.com/portfolio/strider_demo/pages/StriderDark/Particles/images/favicon/apple-icon-120x120.png]
[www.atypicalthemes.com/portfolio/strider_demo/pages/StriderDark/Particles/images/favicon/apple-icon-144x144.png]
[www.atypicalthemes.com/portfolio/strider_demo/pages/StriderDark/Particles/images/favicon/apple-icon-152x152.png]
[www.atypicalthemes.com/portfolio/strider_demo/pages/StriderDark/Particles/images/favicon/apple-icon-180x180.png]
[www.atypicalthemes.com/portfolio/strider_demo/pages/StriderDark/Particles/images/favicon/android-icon-192x192.png]
[www.atypicalthemes.com/portfolio/strider_demo/pages/StriderDark/Particles/images/favicon/favicon-32x32.png]
[www.atypicalthemes.com/portfolio/strider_demo/pages/StriderDark/Particles/images/favicon/favicon-96x96.png]
[www.atypicalthemes.com/portfolio/strider_demo/pages/StriderDark/Particles/images/favicon/favicon-16x16.png]
[www.atypicalthemes.com/portfolio/strider_demo/pages/StriderDark/Particles/css/bootstrap.min.css]
[www.atypicalthemes.com/portfolio/strider_demo/pages/StriderDark/Particles/css/font-awesome.min.css]
[www.atypicalthemes.com/portfolio/strider_demo/pages/StriderDark/Particles/css/animations.css]
[www.atypicalthemes.com/portfolio/strider_demo/pages/StriderDark/Particles/css/lightbox.min.css]
[www.atypicalthemes.com/portfolio/strider_demo/pages/StriderDark/Particles/css/modal-video.min.css]
[www.atypicalthemes.com/portfolio/strider_demo/pages/StriderDark/Particles/css/style.css]
[www.atypicalthemes.com/portfolio/strider_demo/pages/StriderDark/Particles/images/logo.png]
[www.atypicalthemes.com/portfolio/strider_demo/pages/StriderDark/Particles/images/awards.png]
[www.atypicalthemes.com/portfolio/strider_demo/pages/StriderDark/Particles/images/placeholder.jpg]
[www.atypicalthemes.com/portfolio/strider_demo/pages/StriderDark/Particles/images/game3.1.jpg]
[www.atypicalthemes.com/portfolio/strider_demo/pages/StriderDark/Particles/images/game3.2.jpg]
[www.atypicalthemes.com/portfolio/strider_demo/pages/StriderDark/Particles/images/game4.1.jpg]
[www.atypicalthemes.com/portfolio/strider_demo/pages/StriderDark/Particles/images/game4.2.jpg]
[www.atypicalthemes.com/portfolio/strider_demo/pages/StriderDark/Particles/images/game1_large.jpg]
[www.atypicalthemes.com/portfolio/strider_demo/pages/StriderDark/Particles/images/game1.jpg]
[www.atypicalthemes.com/portfolio/strider_demo/pages/StriderDark/Particles/images/game1.1.jpg]
[www.atypicalthemes.com/portfolio/strider_demo/pages/StriderDark/Particles/images/game1.2.jpg]
[www.atypicalthemes.com/portfolio/strider_demo/pages/StriderDark/Particles/images/game2_large.jpg]
[www.atypicalthemes.com/portfolio/strider_demo/pages/StriderDark/Particles/images/game2.jpg]
[www.atypicalthemes.com/portfolio/strider_demo/pages/StriderDark/Particles/images/game2.1.jpg]
[www.atypicalthemes.com/portfolio/strider_demo/pages/StriderDark/Particles/images/game2.2.jpg]
[www.atypicalthemes.com/portfolio/strider_demo/pages/StriderDark/Particles/images/img1.jpg]
[www.atypicalthemes.com/portfolio/strider_demo/pages/StriderDark/Particles/images/img2.jpg]
[www.atypicalthemes.com/portfolio/strider_demo/pages/StriderDark/Particles/images/img3.jpg]
[www.atypicalthemes.com/portfolio/strider_demo/pages/StriderDark/Particles/images/img4.jpg]
[www.atypicalthemes.com/portfolio/strider_demo/pages/StriderDark/Particles/images/img5.jpg]
[www.atypicalthemes.com/portfolio/strider_demo/pages/StriderDark/Particles/images/img6.jpg]
[www.atypicalthemes.com/portfolio/strider_demo/pages/StriderDark/Particles/js/jquery-3.2.1.min.js]
[www.atypicalthemes.com/portfolio/strider_demo/pages/StriderDark/Particles/js/popper.min.js]
[www.atypicalthemes.com/portfolio/strider_demo/pages/StriderDark/Particles/js/bootstrap.min.js]
[www.atypicalthemes.com/portfolio/strider_demo/pages/StriderDark/Particles/js/blazy.min.js]
[www.atypicalthemes.com/portfolio/strider_demo/pages/StriderDark/Particles/js/particles.js]
[www.atypicalthemes.com/portfolio/strider_demo/pages/StriderDark/Particles/js/isotope.pkgd.min.js]
[www.atypicalthemes.com/portfolio/strider_demo/pages/StriderDark/Particles/js/lightbox.min.js]
[www.atypicalthemes.com/portfolio/strider_demo/pages/StriderDark/Particles/js/jquery-modal-video.min.js]
[www.atypicalthemes.com/portfolio/strider_demo/pages/StriderDark/Particles/js/validator.min.js]
[www.atypicalthemes.com/portfolio/strider_demo/pages/StriderDark/Particles/index.html]
[www.atypicalthemes.com/portfolio/strider_demo/pages/StriderDark/Particles/js/strider.js]
[www.atypicalthemes.com/portfolio/strider_demo/pages/StriderDark/Particles/css/bootstrap.min.css]
[www.atypicalthemes.com/portfolio/strider_demo/pages/StriderDark/Particles/fonts/fontawesome-webfont3e6e.eot]
[www.atypicalthemes.com/portfolio/strider_demo/pages/StriderDark/Particles/fonts/fontawesome-webfontd41d.eot]
[www.atypicalthemes.com/portfolio/strider_demo/pages/StriderDark/Particles/fonts/fontawesome-webfont3e6e.woff2]
[www.atypicalthemes.com/portfolio/strider_demo/pages/StriderDark/Particles/fonts/fontawesome-webfont3e6e.woff]
[www.atypicalthemes.com/portfolio/strider_demo/pages/StriderDark/Particles/fonts/fontawesome-webfont3e6e.ttf]
[www.atypicalthemes.com/portfolio/strider_demo/pages/StriderDark/Particles/css/font-awesome.min.css]
[www.atypicalthemes.com/portfolio/strider_demo/pages/StriderDark/Particles/css/animations.css]
[www.atypicalthemes.com/portfolio/strider_demo/pages/StriderDark/Particles/images/close.png]
[www.atypicalthemes.com/portfolio/strider_demo/pages/StriderDark/Particles/fonts/fontawesome-webfont3e6e.svg]
[www.atypicalthemes.com/portfolio/strider_demo/pages/StriderDark/Particles/images/loading.gif]
[www.atypicalthemes.com/portfolio/strider_demo/pages/StriderDark/Particles/images/prev.png]
[www.atypicalthemes.com/portfolio/strider_demo/pages/StriderDark/Particles/images/next.png]
[www.atypicalthemes.com/portfolio/strider_demo/pages/StriderDark/Particles/css/lightbox.min.css]
[www.atypicalthemes.com/portfolio/strider_demo/pages/StriderDark/Particles/css/modal-video.min.css]
[www.atypicalthemes.com/portfolio/strider_demo/pages/StriderDark/Particles/fonts/Anurati-Regular.otf]
[www.atypicalthemes.com/portfolio/strider_demo/pages/StriderDark/Particles/images/bg.png]
[www.atypicalthemes.com/portfolio/strider_demo/pages/StriderDark/Particles/images/modal_header_bg.png]
[www.atypicalthemes.com/portfolio/strider_demo/pages/StriderDark/Particles/css/style.css]
[www.atypicalthemes.com/portfolio/strider_demo/pages/StriderDark/Particles/about.html]
[www.atypicalthemes.com/portfolio/strider_demo/pages/StriderDark/Particles/games.html]
[www.atypicalthemes.com/portfolio/strider_demo/pages/StriderDark/Particles/team.html]
[www.atypicalthemes.com/portfolio/strider_demo/pages/StriderDark/Particles/careers.html]
[www.atypicalthemes.com/portfolio/strider_demo/pages/StriderDark/Particles/contact.html]
[www.atypicalthemes.com/portfolio/strider_demo/pages/StriderDark/Particles/www.atypicalthemes.html]
[www.atypicalthemes.com/portfolio/strider_demo/pages/StriderDark/Particles/fonts/fontawesome-webfont3e6e.svg]
